[2025-09-14T03:54:39.676Z] [INFO] Hand detected for controller 1. Using custom model.
[2025-09-14T03:54:39.673Z] [INFO] --- CONTROLLER 1 CONNECTED EVENT FIRED --- | Payload: {
  "profiles": [
    "meta-fixed-hand",
    "generic-fixed-hand",
    "generic-hand-select",
    "generic-trigger"
  ]
}
[2025-09-14T03:54:39.675Z] [INFO] Is controller 1 a hand? true
[2025-09-14T03:54:40.118Z] [INFO] Hand detected for controller 1. Using custom model.
[2025-09-14T03:54:40.116Z] [INFO] --- CONTROLLER 1 CONNECTED EVENT FIRED --- | Payload: {
  "profiles": [
    "meta-fixed-hand",
    "generic-fixed-hand",
    "generic-hand-select",
    "generic-trigger"
  ]
}
[2025-09-14T03:54:40.117Z] [INFO] Is controller 1 a hand? true
[2025-09-14T03:54:43.118Z] [INFO] --- CONTROLLER 1 CONNECTED EVENT FIRED --- | Payload: {
  "profiles": [
    "meta-fixed-hand",
    "generic-fixed-hand",
    "generic-hand-select",
    "generic-trigger"
  ]
}
[2025-09-14T03:54:43.120Z] [INFO] Is controller 1 a hand? true
[2025-09-14T03:54:43.120Z] [INFO] Hand detected for controller 1. Using custom model.
[2025-09-14T03:54:43.294Z] [DEBUG] Hand 1 joints map | Payload: {}
[2025-09-14T03:54:44.630Z] [DEBUG] Hand 1 joints map | Payload: {}
[2025-09-14T03:54:43.962Z] [DEBUG] Hand 1 joints map | Payload: {}
[2025-09-14T03:54:45.381Z] [DEBUG] Hand 1 joints map | Payload: {}
[2025-09-14T03:54:46.238Z] [INFO] --- CONTROLLER 1 CONNECTED EVENT FIRED --- | Payload: {
  "profiles": [
    "meta-fixed-hand",
    "generic-fixed-hand",
    "generic-hand-select",
    "generic-trigger"
  ]
}
[2025-09-14T03:54:46.239Z] [INFO] Is controller 1 a hand? true
[2025-09-14T03:54:46.240Z] [INFO] Hand detected for controller 1. Using custom model.
[2025-09-14T03:54:46.716Z] [DEBUG] Hand 1 joints map | Payload: {}
[2025-09-14T03:54:47.383Z] [DEBUG] Hand 1 joints map | Payload: {}
[2025-09-14T03:54:47.416Z] [INFO] --- CONTROLLER 2 CONNECTED EVENT FIRED --- | Payload: {
  "profiles": [
    "meta-fixed-hand",
    "generic-fixed-hand",
    "generic-hand-select",
    "generic-trigger"
  ]
}
[2025-09-14T03:54:47.419Z] [INFO] Hand detected for controller 2. Using custom model.
[2025-09-14T03:54:47.418Z] [INFO] Is controller 2 a hand? true
[2025-09-14T03:54:48.061Z] [DEBUG] Hand 1 joints map | Payload: {}
[2025-09-14T03:54:48.728Z] [DEBUG] Hand 1 joints map | Payload: {}
[2025-09-14T03:54:49.396Z] [DEBUG] Hand 1 joints map | Payload: {}
[2025-09-14T03:54:50.063Z] [DEBUG] Hand 1 joints map | Payload: {}
[2025-09-14T03:54:50.729Z] [DEBUG] Hand 1 joints map | Payload: {}
[2025-09-14T03:54:51.396Z] [DEBUG] Hand 1 joints map | Payload: {}
[2025-09-14T03:54:52.063Z] [DEBUG] Hand 1 joints map | Payload: {}
[2025-09-14T03:54:52.729Z] [DEBUG] Hand 1 joints map | Payload: {}
[2025-09-14T03:54:53.396Z] [DEBUG] Hand 1 joints map | Payload: {}
[2025-09-14T03:54:54.063Z] [DEBUG] Hand 1 joints map | Payload: {}
[2025-09-14T03:54:54.730Z] [DEBUG] Hand 1 joints map | Payload: {}
[2025-09-14T03:54:55.396Z] [DEBUG] Hand 1 joints map | Payload: {}
[2025-09-14T03:54:56.063Z] [DEBUG] Hand 1 joints map | Payload: {}
[2025-09-14T03:54:56.730Z] [DEBUG] Hand 1 joints map | Payload: {}
[2025-09-14T03:54:57.397Z] [DEBUG] Hand 1 joints map | Payload: {}
[2025-09-14T03:54:57.610Z] [INFO] Hand detected for controller 1. Using custom model.
[2025-09-14T03:54:57.608Z] [INFO] --- CONTROLLER 1 CONNECTED EVENT FIRED --- | Payload: {
  "profiles": [
    "meta-fixed-hand",
    "generic-fixed-hand",
    "generic-hand-select",
    "generic-trigger"
  ]
}
[2025-09-14T03:54:57.609Z] [INFO] Is controller 1 a hand? true
[2025-09-14T03:54:59.075Z] [INFO] Is controller 1 a hand? true
[2025-09-14T03:54:59.073Z] [INFO] --- CONTROLLER 1 CONNECTED EVENT FIRED --- | Payload: {
  "profiles": [
    "meta-fixed-hand",
    "generic-fixed-hand",
    "generic-hand-select",
    "generic-trigger"
  ]
}
[2025-09-14T03:54:59.076Z] [INFO] Hand detected for controller 1. Using custom model.
[2025-09-14T03:54:59.417Z] [DEBUG] Hand 1 joints map | Payload: {}
[2025-09-14T03:55:00.574Z] [INFO] --- CONTROLLER 2 CONNECTED EVENT FIRED --- | Payload: {
  "profiles": [
    "meta-fixed-hand",
    "generic-fixed-hand",
    "generic-hand-select",
    "generic-trigger"
  ]
}
[2025-09-14T03:55:00.084Z] [DEBUG] Hand 1 joints map | Payload: {}
[2025-09-14T03:55:00.575Z] [INFO] Is controller 2 a hand? true
[2025-09-14T03:55:00.576Z] [INFO] Hand detected for controller 2. Using custom model.
[2025-09-14T03:55:00.762Z] [DEBUG] Hand 1 joints map | Payload: {}
[2025-09-14T03:55:01.429Z] [DEBUG] Hand 1 joints map | Payload: {}
[2025-09-14T03:55:02.095Z] [DEBUG] Hand 1 joints map | Payload: {}
[2025-09-14T03:55:02.771Z] [DEBUG] Hand 1 joints map | Payload: {}
[2025-09-14T03:55:03.439Z] [DEBUG] Hand 1 joints map | Payload: {}
